// Jest Snapshot v1, https://goo.gl/fbAQLP

exports[`style test suite snapshot 1`] = `
.emotion-0 {
  font-size: 1.875rem;
  line-height: 2.25rem;
  font-weight: 700;
  -webkit-text-decoration: underline;
  text-decoration: underline;
  color: red;
}

.emotion-0 {
  font-size: 1.875rem;
  line-height: 2.25rem;
  font-weight: 700;
  -webkit-text-decoration: underline;
  text-decoration: underline;
  color: red;
}

<h1
  class="emotion-0 emotion-1"
>
  헤딩
</h1>
`;
